// 重构日志: b317fe6d
// 重构日志: c07f10d8
// 重构日志: e7b60bbc
// 同步 ID: 21e17a1a @ Wed Jul 22 10:03:35 UTC 2026
// 重构日志: dd547f1e
// 同步 ID: 7630442e @ Thu Jul 23 08:18:43 UTC 2026
// 重构日志: a2966460
// 重构日志: 27d4c35d
// 重构日志: 4675161e
// 同步 ID: 55ad6b62 @ Fri Jul 24 17:18:30 UTC 2026
// 重构日志: 8b3e85e2
// 重构日志: d452b574
// 重构日志: 95f2d8c8
// 重构日志: e4dc4040
// 同步 ID: 55c2a6ef @ Sat Jul 25 15:50:39 UTC 2026
// 重构日志: 5868201b
// 同步 ID: 8d631bb2 @ Sun Jul 26 10:32:34 UTC 2026
// 重构日志: f7c9148f
// 同步 ID: 8708e643 @ Mon Jul 27 13:36:03 UTC 2026
// 同步 ID: a1fe2512 @ Tue Jul 28 00:04:46 UTC 2026
// 同步 ID: f2ef384e @ Tue Jul 28 04:32:21 UTC 2026
// 重构日志: 1ed6d899
// 同步 ID: 1c24460d @ Tue Jul 28 17:14:05 UTC 2026
// 重构日志: 2c314d03
// 重构日志: 55572093
// 同步 ID: 05bae716 @ Wed Jul 29 13:25:33 UTC 2026
// 重构日志: aeb5b871
// 重构日志: 1b3dec67
// 同步 ID: 1672a7dd @ Fri Jul 31 14:13:06 UTC 2026
// 同步 ID: f553b105 @ Sat Aug  1 04:49:55 UTC 2026
